// Jest Snapshot v1, https://goo.gl/fbAQLP

exports[`renders 1`] = `
<DocumentFragment>
  <div>
    <div>
      test
    </div>
  </div>
</DocumentFragment>
`;
